Component: ARM Compiler 5.06 update 7 (build 960) Tool: armlink [4d3601]

==============================================================================

Section Cross References

    template.o(RESET) refers to template.o(STACK) for __initial_sp
    template.o(RESET) refers to template.o(.text) for Reset_Handler
    template.o(.text) refers to template.o(STACK) for Stack_Mem
    template.o(.text) refers to template.o(My_routines) for Reset
    template.o(.text) refers to template.o(My_data) for Source
    template.o(.text) refers to template.o(Destination_Blocks) for Destination


==============================================================================

Removing Unused input sections from the image.

    Removing template.o(HEAP), (512 bytes).

1 unused section(s) (total 512 bytes) removed from the image.

==============================================================================

Image Symbol Table

    Local Symbols

    Symbol Name                              Value     Ov Type        Size  Object(Section)

    RESET                                    0x00000000   Section      204  template.o(RESET)
    template.s                               0x00000000   Number         0  template.o ABSOLUTE
    .text                                    0x000000cc   Section      148  template.o(.text)
    My_routines                              0x00000160   Section       66  template.o(My_routines)
    Reset                                    0x00000161   Thumb Code    22  template.o(My_routines)
    Nop_p                                    0x00000177   Thumb Code    10  template.o(My_routines)
    MemCopy                                  0x00000181   Thumb Code    34  template.o(My_routines)
    My_data                                  0x000001a4   Section       63  template.o(My_data)
    Source                                   0x000001a4   Data          16  template.o(My_data)
    .ARM.__at_0x02FC                         0x000002fc   Section        4  template.o(.ARM.__at_0x02FC)
    Destination_Blocks                       0x10000000   Section       63  template.o(Destination_Blocks)
    Destination                              0x10000000   Data          63  template.o(Destination_Blocks)
    STACK                                    0x10000040   Section      512  template.o(STACK)
    Stack_Mem                                0x10000140   Data         256  template.o(STACK)

    Global Symbols

    Symbol Name                              Value     Ov Type        Size  Object(Section)

    BuildAttributes$$THM_ISAv4$P$D$K$B$S$PE$A:L22UL41UL21$X:L11$S22US41US21$IEEE1$IW$USESV6$~STKCKD$USESV7$~SHL$OSPACE$EBA8$STANDARDLIB$PRES8$EABIv2 0x00000000   Number         0  anon$$obj.o ABSOLUTE
    __Vectors                                0x00000000   Data           4  template.o(RESET)
    Reset_Handler                            0x000000cd   Thumb Code    18  template.o(.text)
    NMI_Handler                              0x000000df   Thumb Code     2  template.o(.text)
    HardFault_Handler                        0x000000e1   Thumb Code     2  template.o(.text)
    MemManage_Handler                        0x000000e3   Thumb Code     2  template.o(.text)
    BusFault_Handler                         0x000000e5   Thumb Code     2  template.o(.text)
    UsageFault_Handler                       0x000000e7   Thumb Code     2  template.o(.text)
    SVC_Handler                              0x000000e9   Thumb Code    88  template.o(.text)
    DebugMon_Handler                         0x00000141   Thumb Code     2  template.o(.text)
    PendSV_Handler                           0x00000143   Thumb Code     2  template.o(.text)
    SysTick_Handler                          0x00000145   Thumb Code     2  template.o(.text)
    ADC_IRQHandler                           0x00000147   Thumb Code     0  template.o(.text)
    BOD_IRQHandler                           0x00000147   Thumb Code     0  template.o(.text)
    CANActivity_IRQHandler                   0x00000147   Thumb Code     0  template.o(.text)
    CAN_IRQHandler                           0x00000147   Thumb Code     0  template.o(.text)
    DMA_IRQHandler                           0x00000147   Thumb Code     0  template.o(.text)
    EINT0_IRQHandler                         0x00000147   Thumb Code     0  template.o(.text)
    EINT1_IRQHandler                         0x00000147   Thumb Code     0  template.o(.text)
    EINT2_IRQHandler                         0x00000147   Thumb Code     0  template.o(.text)
    EINT3_IRQHandler                         0x00000147   Thumb Code     0  template.o(.text)
    ENET_IRQHandler                          0x00000147   Thumb Code     0  template.o(.text)
    I2C0_IRQHandler                          0x00000147   Thumb Code     0  template.o(.text)
    I2C1_IRQHandler                          0x00000147   Thumb Code     0  template.o(.text)
    I2C2_IRQHandler                          0x00000147   Thumb Code     0  template.o(.text)
    I2S_IRQHandler                           0x00000147   Thumb Code     0  template.o(.text)
    MCPWM_IRQHandler                         0x00000147   Thumb Code     0  template.o(.text)
    PLL0_IRQHandler                          0x00000147   Thumb Code     0  template.o(.text)
    PLL1_IRQHandler                          0x00000147   Thumb Code     0  template.o(.text)
    PWM1_IRQHandler                          0x00000147   Thumb Code     0  template.o(.text)
    QEI_IRQHandler                           0x00000147   Thumb Code     0  template.o(.text)
    RIT_IRQHandler                           0x00000147   Thumb Code     0  template.o(.text)
    RTC_IRQHandler                           0x00000147   Thumb Code     0  template.o(.text)
    SPI_IRQHandler                           0x00000147   Thumb Code     0  template.o(.text)
    SSP0_IRQHandler                          0x00000147   Thumb Code     0  template.o(.text)
    SSP1_IRQHandler                          0x00000147   Thumb Code     0  template.o(.text)
    TIMER0_IRQHandler                        0x00000147   Thumb Code     0  template.o(.text)
    TIMER1_IRQHandler                        0x00000147   Thumb Code     0  template.o(.text)
    TIMER2_IRQHandler                        0x00000147   Thumb Code     0  template.o(.text)
    TIMER3_IRQHandler                        0x00000147   Thumb Code     0  template.o(.text)
    UART0_IRQHandler                         0x00000147   Thumb Code     0  template.o(.text)
    UART1_IRQHandler                         0x00000147   Thumb Code     0  template.o(.text)
    UART2_IRQHandler                         0x00000147   Thumb Code     0  template.o(.text)
    UART3_IRQHandler                         0x00000147   Thumb Code     0  template.o(.text)
    USBActivity_IRQHandler                   0x00000147   Thumb Code     0  template.o(.text)
    USB_IRQHandler                           0x00000147   Thumb Code     0  template.o(.text)
    WDT_IRQHandler                           0x00000147   Thumb Code     0  template.o(.text)
    __initial_sp                             0x10000240   Data           0  template.o(STACK)



==============================================================================

Memory Map of the image

  Image Entry point : 0x000000cd

  Load Region LR_1 (Base: 0x00000000, Size: 0x00000340, Max: 0xffffffff, ABSOLUTE)

    Execution Region ER_RO (Exec base: 0x00000000, Load base: 0x00000000, Size: 0x00000300, Max: 0xffffffff, ABSOLUTE)

    Exec Addr    Load Addr    Size         Type   Attr      Idx    E Section Name        Object

    0x00000000   0x00000000   0x000000cc   Data   RO            3    RESET               template.o
    0x000000cc   0x000000cc   0x00000094   Code   RO            5  * .text               template.o
    0x00000160   0x00000160   0x00000042   Code   RO            6    My_routines         template.o
    0x000001a2   0x000001a2   0x00000002   PAD
    0x000001a4   0x000001a4   0x0000003f   Data   RO            7    My_data             template.o
    0x000001e3   0x000001e3   0x00000119   PAD
    0x000002fc   0x000002fc   0x00000004   Code   RO            4    .ARM.__at_0x02FC    template.o


    Execution Region ER_RW (Exec base: 0x10000000, Load base: 0x00000300, Size: 0x00000040, Max: 0xffffffff, ABSOLUTE)

    Exec Addr    Load Addr    Size         Type   Attr      Idx    E Section Name        Object

    0x10000000   0x00000300   0x0000003f   Data   RW            8    Destination_Blocks  template.o


    Execution Region ER_ZI (Exec base: 0x10000040, Load base: 0x00000340, Size: 0x00000200, Max: 0xffffffff, ABSOLUTE)

    Exec Addr    Load Addr    Size         Type   Attr      Idx    E Section Name        Object

    0x10000040        -       0x00000200   Zero   RW            1    STACK               template.o


==============================================================================

Image component sizes


      Code (inc. data)   RO Data    RW Data    ZI Data      Debug   Object Name

       218         28        267         63        512       1376   template.o

    ----------------------------------------------------------------------
       220         28        548         64        512       1376   Object Totals
         0          0          0          0          0          0   (incl. Generated)
         2          0        281          1          0          0   (incl. Padding)

    ----------------------------------------------------------------------
         0          0          0          0          0          0   Library Totals
         0          0          0          0          0          0   (incl. Padding)

    ----------------------------------------------------------------------

==============================================================================


      Code (inc. data)   RO Data    RW Data    ZI Data      Debug   

       220         28        548         64        512       1324   Grand Totals
       220         28        548         64        512       1324   ELF Image Totals
       220         28        548         64          0          0   ROM Totals

==============================================================================

    Total RO  Size (Code + RO Data)                  768 (   0.75kB)
    Total RW  Size (RW Data + ZI Data)               576 (   0.56kB)
    Total ROM Size (Code + RO Data + RW Data)        832 (   0.81kB)

==============================================================================

